MPLINK 5.08, LINKER
Linker Map File - Created Fri Apr 12 15:15:26 2024

                                 Section Info
                  Section       Type    Address   Location Size(Bytes)
                ---------  ---------  ---------  ---------  ---------
                 RES_VECT       code   0x000000    program   0x000002
                   .cinit    romdata   0x000001    program   0x000004
                      ISR       code   0x000004    program   0x000144
.config_2007_BUILD/DEFAULT/PRODUCTION/NEWPIC_       code   0x002007    program   0x000002



                              Program Memory Usage 
                               Start         End      
                           ---------   ---------      
                            0x000000    0x000002      
                            0x000004    0x0000a5      
                            0x002007    0x002007      
            166 out of 8454 program addresses used, program memory utilization is 1%



                              Symbols - Sorted by Name
                     Name    Address   Location    Storage File                     
                ---------  ---------  ---------  --------- ---------                
           ACENDE_CENTENA   0x000094    program     static C:\Users\vitor\MPLABXProjects\0000a9999.X\newpic_8b_simple.asm
            ACENDE_DEZENA   0x000082    program     static C:\Users\vitor\MPLABXProjects\0000a9999.X\newpic_8b_simple.asm
               ACENDE_LED   0x000079    program     static C:\Users\vitor\MPLABXProjects\0000a9999.X\newpic_8b_simple.asm
            ACENDE_MILHAR   0x00009d    program     static C:\Users\vitor\MPLABXProjects\0000a9999.X\newpic_8b_simple.asm
           ACENDE_UNIDADE   0x00008b    program     static C:\Users\vitor\MPLABXProjects\0000a9999.X\newpic_8b_simple.asm
             BUSCA_CODIGO   0x00001b    program     static C:\Users\vitor\MPLABXProjects\0000a9999.X\newpic_8b_simple.asm
            BUSCA_CODIGO2   0x000026    program     static C:\Users\vitor\MPLABXProjects\0000a9999.X\newpic_8b_simple.asm
          B_INICIAR_PRESS   0x00006e    program     static C:\Users\vitor\MPLABXProjects\0000a9999.X\newpic_8b_simple.asm
            B_PARAR_PRESS   0x000065    program     static C:\Users\vitor\MPLABXProjects\0000a9999.X\newpic_8b_simple.asm
                   INICIO   0x000031    program     static C:\Users\vitor\MPLABXProjects\0000a9999.X\newpic_8b_simple.asm
           LACO_PRINCIPAL   0x000042    program     static C:\Users\vitor\MPLABXProjects\0000a9999.X\newpic_8b_simple.asm
                   PARADO   0x000067    program     static C:\Users\vitor\MPLABXProjects\0000a9999.X\newpic_8b_simple.asm
          SAI_INTERRUPCAO   0x000017    program     static C:\Users\vitor\MPLABXProjects\0000a9999.X\newpic_8b_simple.asm
            TROCA_DISPLAY   0x00007a    program     static C:\Users\vitor\MPLABXProjects\0000a9999.X\newpic_8b_simple.asm
                TROCA_LED   0x000076    program     static C:\Users\vitor\MPLABXProjects\0000a9999.X\newpic_8b_simple.asm



                              Symbols - Sorted by Address
                     Name    Address   Location    Storage File                     
                ---------  ---------  ---------  --------- ---------                
          SAI_INTERRUPCAO   0x000017    program     static C:\Users\vitor\MPLABXProjects\0000a9999.X\newpic_8b_simple.asm
             BUSCA_CODIGO   0x00001b    program     static C:\Users\vitor\MPLABXProjects\0000a9999.X\newpic_8b_simple.asm
            BUSCA_CODIGO2   0x000026    program     static C:\Users\vitor\MPLABXProjects\0000a9999.X\newpic_8b_simple.asm
                   INICIO   0x000031    program     static C:\Users\vitor\MPLABXProjects\0000a9999.X\newpic_8b_simple.asm
           LACO_PRINCIPAL   0x000042    program     static C:\Users\vitor\MPLABXProjects\0000a9999.X\newpic_8b_simple.asm
            B_PARAR_PRESS   0x000065    program     static C:\Users\vitor\MPLABXProjects\0000a9999.X\newpic_8b_simple.asm
                   PARADO   0x000067    program     static C:\Users\vitor\MPLABXProjects\0000a9999.X\newpic_8b_simple.asm
          B_INICIAR_PRESS   0x00006e    program     static C:\Users\vitor\MPLABXProjects\0000a9999.X\newpic_8b_simple.asm
                TROCA_LED   0x000076    program     static C:\Users\vitor\MPLABXProjects\0000a9999.X\newpic_8b_simple.asm
               ACENDE_LED   0x000079    program     static C:\Users\vitor\MPLABXProjects\0000a9999.X\newpic_8b_simple.asm
            TROCA_DISPLAY   0x00007a    program     static C:\Users\vitor\MPLABXProjects\0000a9999.X\newpic_8b_simple.asm
            ACENDE_DEZENA   0x000082    program     static C:\Users\vitor\MPLABXProjects\0000a9999.X\newpic_8b_simple.asm
           ACENDE_UNIDADE   0x00008b    program     static C:\Users\vitor\MPLABXProjects\0000a9999.X\newpic_8b_simple.asm
           ACENDE_CENTENA   0x000094    program     static C:\Users\vitor\MPLABXProjects\0000a9999.X\newpic_8b_simple.asm
            ACENDE_MILHAR   0x00009d    program     static C:\Users\vitor\MPLABXProjects\0000a9999.X\newpic_8b_simple.asm


