MPLINK 5.08, LINKER
Linker Map File - Created Wed Mar 06 13:30:48 2024

                                 Section Info
                  Section       Type    Address   Location Size(Bytes)
                ---------  ---------  ---------  ---------  ---------
                 RES_VECT       code   0x000000    program   0x000060
                   .cinit    romdata   0x000030    program   0x000004
.config_2007_BUILD/DEFAULT/PRODUCTION/NEWPIC_       code   0x002007    program   0x000002



                              Program Memory Usage 
                               Start         End      
                           ---------   ---------      
                            0x000000    0x000031      
                            0x002007    0x002007      
            51 out of 2182 program addresses used, program memory utilization is 2%



                              Symbols - Sorted by Name
                     Name    Address   Location    Storage File                     
                ---------  ---------  ---------  --------- ---------                
              ANTIHORARIO   0x000026    program     static C:\Users\IFTM\MPLABXProjects\Projeto.X\newpic_8b_simple.asm
                  DESLIGA   0x00000c    program     static C:\Users\IFTM\MPLABXProjects\Projeto.X\newpic_8b_simple.asm
               EMERGENCIA   0x000013    program     static C:\Users\IFTM\MPLABXProjects\Projeto.X\newpic_8b_simple.asm
                  HORARIO   0x00001d    program     static C:\Users\IFTM\MPLABXProjects\Projeto.X\newpic_8b_simple.asm
             VERIFDESLIGA   0x00001a    program     static C:\Users\IFTM\MPLABXProjects\Projeto.X\newpic_8b_simple.asm



                              Symbols - Sorted by Address
                     Name    Address   Location    Storage File                     
                ---------  ---------  ---------  --------- ---------                
                  DESLIGA   0x00000c    program     static C:\Users\IFTM\MPLABXProjects\Projeto.X\newpic_8b_simple.asm
               EMERGENCIA   0x000013    program     static C:\Users\IFTM\MPLABXProjects\Projeto.X\newpic_8b_simple.asm
             VERIFDESLIGA   0x00001a    program     static C:\Users\IFTM\MPLABXProjects\Projeto.X\newpic_8b_simple.asm
                  HORARIO   0x00001d    program     static C:\Users\IFTM\MPLABXProjects\Projeto.X\newpic_8b_simple.asm
              ANTIHORARIO   0x000026    program     static C:\Users\IFTM\MPLABXProjects\Projeto.X\newpic_8b_simple.asm


