MPLINK 5.08, LINKER
Linker Map File - Created Mon Mar 18 17:54:19 2024

                                 Section Info
                  Section       Type    Address   Location Size(Bytes)
                ---------  ---------  ---------  ---------  ---------
                 RES_VECT       code   0x000000    program   0x00008e
                   .cinit    romdata   0x000047    program   0x000004
.config_2007_BUILD/DEFAULT/PRODUCTION/NEWPIC_       code   0x002007    program   0x000002



                              Program Memory Usage 
                               Start         End      
                           ---------   ---------      
                            0x000000    0x000048      
                            0x002007    0x002007      
            74 out of 2182 program addresses used, program memory utilization is 3%



                              Symbols - Sorted by Name
                     Name    Address   Location    Storage File                     
                ---------  ---------  ---------  --------- ---------                
             BUSCA_CODIGO   0x00003c    program     static C:\Users\vitor\MPLABXProjects\contador.X\newpic_8b_simple.asm
          ESCREVE_DISPLAY   0x000039    program     static C:\Users\vitor\MPLABXProjects\contador.X\newpic_8b_simple.asm
                     FOI1   0x00000b    program     static C:\Users\vitor\MPLABXProjects\contador.X\newpic_8b_simple.asm
                     FOI2   0x00000e    program     static C:\Users\vitor\MPLABXProjects\contador.X\newpic_8b_simple.asm
                     FOI3   0x000011    program     static C:\Users\vitor\MPLABXProjects\contador.X\newpic_8b_simple.asm
                LE_BOTAO1   0x000014    program     static C:\Users\vitor\MPLABXProjects\contador.X\newpic_8b_simple.asm
                LE_BOTAO2   0x000017    program     static C:\Users\vitor\MPLABXProjects\contador.X\newpic_8b_simple.asm
                LE_BOTAO3   0x000027    program     static C:\Users\vitor\MPLABXProjects\contador.X\newpic_8b_simple.asm
               ZERA_JA_LI   0x000008    program     static C:\Users\vitor\MPLABXProjects\contador.X\newpic_8b_simple.asm
                       _9   0x000036    program     static C:\Users\vitor\MPLABXProjects\contador.X\newpic_8b_simple.asm



                              Symbols - Sorted by Address
                     Name    Address   Location    Storage File                     
                ---------  ---------  ---------  --------- ---------                
               ZERA_JA_LI   0x000008    program     static C:\Users\vitor\MPLABXProjects\contador.X\newpic_8b_simple.asm
                     FOI1   0x00000b    program     static C:\Users\vitor\MPLABXProjects\contador.X\newpic_8b_simple.asm
                     FOI2   0x00000e    program     static C:\Users\vitor\MPLABXProjects\contador.X\newpic_8b_simple.asm
                     FOI3   0x000011    program     static C:\Users\vitor\MPLABXProjects\contador.X\newpic_8b_simple.asm
                LE_BOTAO1   0x000014    program     static C:\Users\vitor\MPLABXProjects\contador.X\newpic_8b_simple.asm
                LE_BOTAO2   0x000017    program     static C:\Users\vitor\MPLABXProjects\contador.X\newpic_8b_simple.asm
                LE_BOTAO3   0x000027    program     static C:\Users\vitor\MPLABXProjects\contador.X\newpic_8b_simple.asm
                       _9   0x000036    program     static C:\Users\vitor\MPLABXProjects\contador.X\newpic_8b_simple.asm
          ESCREVE_DISPLAY   0x000039    program     static C:\Users\vitor\MPLABXProjects\contador.X\newpic_8b_simple.asm
             BUSCA_CODIGO   0x00003c    program     static C:\Users\vitor\MPLABXProjects\contador.X\newpic_8b_simple.asm


